// Jest Snapshot v1, https://goo.gl/fbAQLP

exports[`Icon Tests Snapshot Tests 1`] = `
<div
  className="sc-bdnylx dYCbwK"
>
  <img
    data-testid="devIconundefined"
  />
</div>
`;
