// Jest Snapshot v1, https://goo.gl/fbAQLP

exports[`CourseList Test snapshot matches 1`] = `
<div
  className="sc-bdnylx bxwOIp"
>
  <div
    className="sc-gtssRu hKLDDf"
  >
    <img
      className="sc-dlnjPT jMGHbI"
      data-testid="courseIcon"
      src="free-code-camp-icon.jpg"
    />
    <p
      className="sc-hKFyIo itAKev"
    >
      Learn React in 1 Hour by Building a Movie Search App
    </p>
    <a
      className="sc-eCApGN cUAoBS"
      data-testid="courseLink"
      href="https://www.freecodecamp.org/news/learn-react-in-1-hour-by-building-a-movie-search-app/"
      rel="noreferrer noopener"
      target="_blank"
    >
      <svg
        fill="currentColor"
        height="2rem"
        size="2rem"
        stroke="currentColor"
        strokeWidth="0"
        style={
          Object {
            "color": undefined,
          }
        }
        viewBox="0 0 512 512"
        width="2rem"
        xmlns="http://www.w3.org/2000/svg"
      >
        <path
          d="M432,320H400a16,16,0,0,0-16,16V448H64V128H208a16,16,0,0,0,16-16V80a16,16,0,0,0-16-16H48A48,48,0,0,0,0,112V464a48,48,0,0,0,48,48H400a48,48,0,0,0,48-48V336A16,16,0,0,0,432,320ZM488,0h-128c-21.37,0-32.05,25.91-17,41l35.73,35.73L135,320.37a24,24,0,0,0,0,34L157.67,377a24,24,0,0,0,34,0L435.28,133.32,471,169c15,15,41,4.5,41-17V24A24,24,0,0,0,488,0Z"
        />
      </svg>
    </a>
  </div>
  <div
    className="sc-gtssRu hKLDDf"
  >
    <img
      className="sc-dlnjPT jMGHbI"
      data-testid="courseIcon"
      src="udemy-icon.svg"
    />
    <p
      className="sc-hKFyIo itAKev"
    >
      React - The Complete Guide (incl Hooks, React Router, Redux)
    </p>
    <a
      className="sc-eCApGN cUAoBS"
      data-testid="courseLink"
      href="https://www.udemy.com/course/react-the-complete-guide-incl-redux/"
      rel="noreferrer noopener"
      target="_blank"
    >
      <svg
        fill="currentColor"
        height="2rem"
        size="2rem"
        stroke="currentColor"
        strokeWidth="0"
        style={
          Object {
            "color": undefined,
          }
        }
        viewBox="0 0 512 512"
        width="2rem"
        xmlns="http://www.w3.org/2000/svg"
      >
        <path
          d="M432,320H400a16,16,0,0,0-16,16V448H64V128H208a16,16,0,0,0,16-16V80a16,16,0,0,0-16-16H48A48,48,0,0,0,0,112V464a48,48,0,0,0,48,48H400a48,48,0,0,0,48-48V336A16,16,0,0,0,432,320ZM488,0h-128c-21.37,0-32.05,25.91-17,41l35.73,35.73L135,320.37a24,24,0,0,0,0,34L157.67,377a24,24,0,0,0,34,0L435.28,133.32,471,169c15,15,41,4.5,41-17V24A24,24,0,0,0,488,0Z"
        />
      </svg>
    </a>
  </div>
  <div
    className="sc-gtssRu hKLDDf"
  >
    <img
      className="sc-dlnjPT jMGHbI"
      data-testid="courseIcon"
      src="codecademy.svg"
    />
    <p
      className="sc-hKFyIo itAKev"
    >
      Learn React.js: Part I/Part II
    </p>
    <a
      className="sc-eCApGN cUAoBS"
      data-testid="courseLink"
      href="https://www.codecademy.com/learn/react-101"
      rel="noreferrer noopener"
      target="_blank"
    >
      <svg
        fill="currentColor"
        height="2rem"
        size="2rem"
        stroke="currentColor"
        strokeWidth="0"
        style={
          Object {
            "color": undefined,
          }
        }
        viewBox="0 0 512 512"
        width="2rem"
        xmlns="http://www.w3.org/2000/svg"
      >
        <path
          d="M432,320H400a16,16,0,0,0-16,16V448H64V128H208a16,16,0,0,0,16-16V80a16,16,0,0,0-16-16H48A48,48,0,0,0,0,112V464a48,48,0,0,0,48,48H400a48,48,0,0,0,48-48V336A16,16,0,0,0,432,320ZM488,0h-128c-21.37,0-32.05,25.91-17,41l35.73,35.73L135,320.37a24,24,0,0,0,0,34L157.67,377a24,24,0,0,0,34,0L435.28,133.32,471,169c15,15,41,4.5,41-17V24A24,24,0,0,0,488,0Z"
        />
      </svg>
    </a>
  </div>
  <div
    className="sc-gtssRu hKLDDf"
  >
    <img
      className="sc-dlnjPT jMGHbI"
      data-testid="courseIcon"
      src="wes-bos-icon.png"
    />
    <p
      className="sc-hKFyIo itAKev"
    >
      Fullstack Advanced React & GraphQL
    </p>
    <a
      className="sc-eCApGN cUAoBS"
      data-testid="courseLink"
      href="https://advancedreact.com/"
      rel="noreferrer noopener"
      target="_blank"
    >
      <svg
        fill="currentColor"
        height="2rem"
        size="2rem"
        stroke="currentColor"
        strokeWidth="0"
        style={
          Object {
            "color": undefined,
          }
        }
        viewBox="0 0 512 512"
        width="2rem"
        xmlns="http://www.w3.org/2000/svg"
      >
        <path
          d="M432,320H400a16,16,0,0,0-16,16V448H64V128H208a16,16,0,0,0,16-16V80a16,16,0,0,0-16-16H48A48,48,0,0,0,0,112V464a48,48,0,0,0,48,48H400a48,48,0,0,0,48-48V336A16,16,0,0,0,432,320ZM488,0h-128c-21.37,0-32.05,25.91-17,41l35.73,35.73L135,320.37a24,24,0,0,0,0,34L157.67,377a24,24,0,0,0,34,0L435.28,133.32,471,169c15,15,41,4.5,41-17V24A24,24,0,0,0,488,0Z"
        />
      </svg>
    </a>
  </div>
</div>
`;
