// Jest Snapshot v1, https://goo.gl/fbAQLP

exports[`Layout Tests Snapshot Test 1`] = `
<div
  className="sc-bdnylx lbThmN"
/>
`;
